
D:\Git Hub Repo\sparkleMind>git branch --show-current
main

D:\Git Hub Repo\sparkleMind>git branch dev

D:\Git Hub Repo\sparkleMind>git push -u origin dev
Logon failed, use ctrl+c to cancel basic credential prompt.
Username for 'https://github.com': anubrata.ghosh.se@gmail.com
Password for 'https://anubrata.ghosh.se@gmail.com@github.com':
Total 0 (delta 0), reused 0 (delta 0), pack-reused 0
remote:
remote: Create a pull request for 'dev' on GitHub by visiting:
remote:      https://github.com/anubrataGhoshSe/sparkleMind/pull/new/dev
remote:
To https://github.com/anubrataGhoshSe/sparkleMind.git
 * [new branch]      dev -> dev
Branch 'dev' set up to track remote branch 'dev' from 'origin'.

D:\Git Hub Repo\sparkleMind>git branch --list
  dev
* main

D:\Git Hub Repo\sparkleMind>git switch dev
Switched to branch 'dev'
Your branch is up to date with 'origin/dev'.

D:\Git Hub Repo\sparkleMind>git branch --show-current
dev

D:\Git Hub Repo\sparkleMind>git switch main
Switched to branch 'main'
Your branch is up to date with 'origin/main'.

D:\Git Hub Repo\sparkleMind>git branch --show-current
main

Microsoft Windows [Version 10.0.18363.1379]
(c) 2019 Microsoft Corporation. All rights reserved.

D:\Git Hub Repo\sparkleMind>git pull
Already up to date.

D:\Git Hub Repo\sparkleMind>git status
On branch dev
Your branch is up to date with 'origin/dev'.

Untracked files:
  (use "git add <file>..." to include in what will be committed)
        my git cmd_dev.txt

nothing added to commit but untracked files present (use "git add" to track)

D:\Git Hub Repo\sparkleMind>git add .

D:\Git Hub Repo\sparkleMind>git status
On branch dev
Your branch is up to date with 'origin/dev'.

Changes to be committed:
  (use "git restore --staged <file>..." to unstage)
        new file:   my git cmd_dev.txt


D:\Git Hub Repo\sparkleMind>git commit -m "1st commit to dev branch"
[dev f0f43ed] 1st commit to dev branch
 1 file changed, 38 insertions(+)
 create mode 100644 my git cmd_dev.txt

D:\Git Hub Repo\sparkleMind>git push -u origin/dev
fatal: 'origin/dev' does not appear to be a git repository
fatal: Could not read from remote repository.

Please make sure you have the correct access rights
and the repository exists.

D:\Git Hub Repo\sparkleMind>git push dev
fatal: 'dev' does not appear to be a git repository
fatal: Could not read from remote repository.

Please make sure you have the correct access rights
and the repository exists.

D:\Git Hub Repo\sparkleMind>git push origin
Logon failed, use ctrl+c to cancel basic credential prompt.
Username for 'https://github.com': anubrataGhoshSe
Password for 'https://anubrataGhoshSe@github.com':
Enumerating objects: 4, done.
Counting objects: 100% (4/4), done.
Delta compression using up to 8 threads
Compressing objects: 100% (3/3), done.
Writing objects: 100% (3/3), 738 bytes | 738.00 KiB/s, done.
Total 3 (delta 0), reused 0 (delta 0), pack-reused 0
To https://github.com/anubrataGhoshSe/sparkleMind.git
   71e7289..f0f43ed  dev -> dev

D:\Git Hub Repo\sparkleMind>git branch --show-current
dev

D:\Git Hub Repo\sparkleMind>git pull origin
Already up to date.

D:\Git Hub Repo\sparkleMind>git status
On branch dev
Your branch is up to date with 'origin/dev'.

nothing to commit, working tree clean

D:\Git Hub Repo\sparkleMind>git branch --list
* dev
  main

D:\Git Hub Repo\sparkleMind>git switch main
Switched to branch 'main'
Your branch is up to date with 'origin/main'.

D:\Git Hub Repo\sparkleMind>git pull
Already up to date.

D:\Git Hub Repo\sparkleMind>git merge dev
Updating 71e7289..f0f43ed
Fast-forward
 my git cmd_dev.txt | 38 ++++++++++++++++++++++++++++++++++++++
 1 file changed, 38 insertions(+)
 create mode 100644 my git cmd_dev.txt

D:\Git Hub Repo\sparkleMind>git status
On branch main
Your branch is ahead of 'origin/main' by 1 commit.
  (use "git push" to publish your local commits)

nothing to commit, working tree clean

D:\Git Hub Repo\sparkleMind>git commit -m "merge dev into main"
On branch main
Your branch is ahead of 'origin/main' by 1 commit.
  (use "git push" to publish your local commits)

nothing to commit, working tree clean

D:\Git Hub Repo\sparkleMind>git push origin
Logon failed, use ctrl+c to cancel basic credential prompt.
Username for 'https://github.com': anubrataGhoshSe
Password for 'https://anubrataGhoshSe@github.com':
Total 0 (delta 0), reused 0 (delta 0), pack-reused 0
To https://github.com/anubrataGhoshSe/sparkleMind.git
   71e7289..f0f43ed  main -> main

D:\Git Hub Repo\sparkleMind>git branch --show-current
main

D:\Git Hub Repo\sparkleMind>git status
On branch main
Your branch is up to date with 'origin/main'.

nothing to commit, working tree clean

